// Jest Snapshot v1, https://goo.gl/fbAQLP

exports[`<Main /> should render the reading 1`] = `
<main
  class="sc-bdfBwQ lipfOp"
>
  <img
    alt="Imagem de um átomo e React Avançado escrito ao lado"
    class="sc-gsTCUz iCHfWn"
    src="/img/logo.svg"
  />
  <h1
    class="sc-dlfnbm pUNJm"
  >
    React Avançado
  </h1>
  <h2
    class="sc-hKgILt bfcbOc"
  >
    Typescript, NextJS e Styled Components
  </h2>
  <img
    alt="Um desenvolvedor de frente para a tela do código"
    class="sc-eCssSg juUhSx"
    src="/img/hero-illustration.svg"
  />
</main>
`;
